DEBUG Loaded flyctl config from/home/ace007bk/.fly/config.yml
DEBUG determined hostname: "penguin"
DEBUG determined working directory: "/home/ace007bk"
DEBUG determined config directory: "/home/ace007bk/.fly"
DEBUG ensured config directory exists.
DEBUG ensured config directory perms.
DEBUG cache loaded.
DEBUG config initialized.
DEBUG checking for updates...
DEBUG client initialized.
DEBUG app config loaded from /home/ace007bk/fly.toml
DEBUG --> POST https://api.fly.io/graphql

DEBUG {
  "query": "query($admin: Boolean!) { organizations(admin: $admin) { nodes { id slug name type paidPlan billable viewerRole internalNumericId } } }",
  "variables": {
    "admin": false
  }
}


DEBUG {}
DEBUG <-- 200 https://api.fly.io/graphql (541.45ms)

DEBUG {
  "data": {
    "organizations": {
      "nodes": [
        {
          "id": "P7lZB0nw2ylg8sm1P5Rqp9JzZqIZ5gDPP",
          "slug": "personal",
          "name": "Ace",
          "type": "PERSONAL",
          "paidPlan": true,
          "billable": true,
          "viewerRole": "admin",
          "internalNumericId": "1060900"
        }
      ]
    }
  }
}

DEBUG app config loaded from /home/ace007bk/fly.toml
DEBUG Starting task manager
DEBUG started querying for new release
DEBUG monitoring tokens at /home/ace007bk/.fly/config.yml
DEBUG --> POST https://api.fly.io/graphql

DEBUG {
  "query": "query { viewer { ... on User { id email enablePaidHobby } ... on Macaroon { email } } }",
  "variables": null
}


DEBUG {}
DEBUG <-- 200 https://api.fly.io/graphql (475.78ms)

DEBUG {
  "data": {
    "viewer": {
      "id": "2xPQ6Z4nQaxv5T0vkVy",
      "email": "americansoil718@gmail.com",
      "enablePaidHobby": true
    }
  }
}

DEBUG --> POST https://api.fly.io/graphql

DEBUG {
  "query": "query ($appName: String!) { appcompact:app(name: $appName) { id name hostname deployed network status appUrl platformVersion organization { id internalNumericId slug paidPlan } postgresAppRole: role { name } } }",
  "variables": {
    "appName": "ace007bk"
  }
}


DEBUG {}
DEBUG querying for release resulted to v0.3.112
DEBUG <-- 200 https://api.fly.io/graphql (136.08ms)

DEBUG {
  "data": {
    "appcompact": {
      "id": "ace007bk",
      "name": "ace007bk",
      "hostname": "ace007bk.fly.dev",
      "deployed": true,
      "network": "",
      "status": "suspended",
      "appUrl": "https://137.66.7.163",
      "platformVersion": "machines",
      "postgresAppRole": null,
      "organization": {
        "id": "P7lZB0nw2ylg8sm1P5Rqp9JzZqIZ5gDPP",
        "internalNumericId": "1060900",
        "slug": "personal",
        "paidPlan": true
      }
    }
  }
}

DEBUG trying remote docker daemon
DEBUG --> POST https://api.fly.io/graphql

DEBUG {
  "query": "\nmutation CreateBuild ($input: CreateBuildInput!) {\n\tcreateBuild(input: $input) {\n\t\tid\n\t\tstatus\n\t}\n}\n",
  "variables": {
    "input": {
      "appName": "ace007bk",
      "builderType": "depot.dev",
      "clientMutationId": "",
      "imageOpts": {
        "buildArgs": {},
        "buildPacks": null,
        "builder": "",
        "builtIn": "",
        "builtInSettings": null,
        "dockerfilePath": "",
        "extraBuildArgs": null,
        "imageLabel": "",
        "imageRef": "",
        "noCache": false,
        "publish": true,
        "tag": "registry.fly.io/ace007bk:deployment-01JT3JPKMCWP3BMJPDWY6GD9FR",
        "target": ""
      },
      "machineId": "",
      "strategiesAvailable": [
        "depot.dev"
      ]
    }
  },
  "operationName": "CreateBuild"
}

DEBUG {0xc000905c20}
DEBUG <-- 200 https://api.fly.io/graphql (116.91ms)

DEBUG {
  "data": {
    "createBuild": {
      "id": "4864243",
      "status": "started"
    }
  }
}

DEBUG Trying 'depot.dev' strategy

DEBUG --> POST https://api.fly.io/graphql

DEBUG {
  "query": "\nmutation EnsureDepotRemoteBuilder ($input: EnsureDepotRemoteBuilderInput!) {\n\tensureDepotRemoteBuilder(input: $input) {\n\t\tbuildId\n\t\tbuildToken\n\t}\n}\n",
  "variables": {
    "input": {
      "appName": "ace007bk",
      "builderScope": "organization",
      "clientMutationId": null,
      "organizationId": null,
      "region": ""
    }
  },
  "operationName": "EnsureDepotRemoteBuilder"
}

DEBUG {0xc000673e60}
DEBUG <-- 200 https://api.fly.io/graphql (562.59ms)

DEBUG {
  "data": {
    "ensureDepotRemoteBuilder": {
      "buildId": "3fp1xblvmz",
      "buildToken": "8aa7263a-28c3-422c-bb69-e9cb7ab81b3e"
    }
  }
}

DEBUG --> POST https://api.fly.io/graphql

DEBUG {
  "query": "query($admin: Boolean!) { organizations(admin: $admin) { nodes { id slug name type paidPlan billable viewerRole internalNumericId } } }",
  "variables": {
    "admin": false
  }
}


DEBUG {}
DEBUG <-- 200 https://api.fly.io/graphql (644.96ms)

DEBUG {
  "data": {
    "organizations": {
      "nodes": [
        {
          "id": "P7lZB0nw2ylg8sm1P5Rqp9JzZqIZ5gDPP",
          "slug": "personal",
          "name": "Ace",
          "type": "PERSONAL",
          "paidPlan": true,
          "billable": true,
          "viewerRole": "admin",
          "internalNumericId": "1060900"
        }
      ]
    }
  }
}

DEBUG --> POST https://api.fly.io/graphql

DEBUG {
  "query": "query($admin: Boolean!) { organizations(admin: $admin) { nodes { id slug name type paidPlan billable viewerRole internalNumericId } } }",
  "variables": {
    "admin": false
  }
}


DEBUG {}
DEBUG <-- 200 https://api.fly.io/graphql (568.21ms)

DEBUG {
  "data": {
    "organizations": {
      "nodes": [
        {
          "id": "P7lZB0nw2ylg8sm1P5Rqp9JzZqIZ5gDPP",
          "slug": "personal",
          "name": "Ace",
          "type": "PERSONAL",
          "paidPlan": true,
          "billable": true,
          "viewerRole": "admin",
          "internalNumericId": "1060900"
        }
      ]
    }
  }
}

DEBUG --> POST https://api.fly.io/graphql

DEBUG {
  "query": "query($admin: Boolean!) { organizations(admin: $admin) { nodes { id slug name type paidPlan billable viewerRole internalNumericId } } }",
  "variables": {
    "admin": false
  }
}


DEBUG {}
DEBUG <-- 200 https://api.fly.io/graphql (514.56ms)

DEBUG {
  "data": {
    "organizations": {
      "nodes": [
        {
          "id": "P7lZB0nw2ylg8sm1P5Rqp9JzZqIZ5gDPP",
          "slug": "personal",
          "name": "Ace",
          "type": "PERSONAL",
          "paidPlan": true,
          "billable": true,
          "viewerRole": "admin",
          "internalNumericId": "1060900"
        }
      ]
    }
  }
}

DEBUG result image:registry.fly.io/ace007bk:deployment-01JT3JPKMCWP3BMJPDWY6GD9FR error:<nil>

DEBUG --> POST https://api.fly.io/graphql

DEBUG {
  "query": "\nmutation FinishBuild ($input: FinishBuildInput!) {\n\tfinishBuild(input: $input) {\n\t\tid\n\t\tstatus\n\t\twallclockTimeMs\n\t}\n}\n",
  "variables": {
    "input": {
      "appName": "ace007bk",
      "buildId": "4864243",
      "builderMeta": {
        "builderType": "depot.dev",
        "buildkitEnabled": false,
        "dockerVersion": "",
        "platform": "",
        "remoteAppName": "",
        "remoteMachineId": ""
      },
      "clientMutationId": "",
      "finalImage": {
        "id": "sha256:887c57efcb0c198da072eb9be9fda7dbb0ba00ae043058cfaa96497972712592",
        "sizeBytes": 1726125631,
        "tag": "registry.fly.io/ace007bk:deployment-01JT3JPKMCWP3BMJPDWY6GD9FR"
      },
      "logs": "",
      "machineId": "",
      "status": "completed",
      "strategiesAttempted": [
        {
          "error": "",
          "note": "",
          "result": "success",
          "strategy": "depot.dev"
        }
      ],
      "timings": {
        "buildAndPushMs": 194681,
        "buildMs": 203427,
        "builderInitMs": 8525,
        "contextBuildMs": -1,
        "imageBuildMs": 203427,
        "pushMs": -1
      }
    }
  },
  "operationName": "FinishBuild"
}

DEBUG {0xc0018dc900}
DEBUG <-- 200 https://api.fly.io/graphql (496.69ms)

DEBUG {
  "data": {
    "finishBuild": {
      "id": "4864243",
      "status": "completed",
      "wallclockTimeMs": 203938
    }
  }
}

DEBUG --> GET https://api.machines.dev/v1/apps/ace007bk/machines

DEBUG <-- 200 https://api.machines.dev/v1/apps/ace007bk/machines (469.89ms)

DEBUG [
  {
    "id": "287654da365138",
    "name": "autumn-voice-2237",
    "state": "stopped",
    "region": "iad",
    "instance_id": "01JT3D39WDV7CPQF8Q2RNA35CW",
    "private_ip": "fdaa:16:eea8:a7b:3b1:bdde:9fdb:2",
    "config": {
      "env": {
        "FLY_PROCESS_GROUP": "app",
        "PRIMARY_REGION": "iad"
      },
      "init": {},
      "guest": {
        "cpu_kind": "shared",
        "cpus": 1,
        "memory_mb": 1024
      },
      "metadata": {
        "fly_flyctl_version": "0.3.110",
        "fly_platform_version": "v2",
        "fly_process_group": "app",
        "fly_release_id": "B4kyPlJaaLqkxHeYjoKaNvoxA",
        "fly_release_version": "2"
      },
      "services": [
        {
          "protocol": "tcp",
          "internal_port": 8080,
          "autostop": true,
          "autostart": true,
          "min_machines_running": 0,
          "ports": [
            {
              "port": 80,
              "handlers": [
                "http"
              ],
              "force_https": true
            },
            {
              "port": 443,
              "handlers": [
                "http",
                "tls"
              ]
            }
          ],
          "force_instance_key": null
        }
      ],
      "image": "registry.fly.io/ace007bk:deployment-01JT3CW8BZ2Z782T1HY7VRFQNV",
      "restart": {
        "policy": "on-failure",
        "max_retries": 10
      }
    },
    "incomplete_config": null,
    "image_ref": {
      "registry": "registry.fly.io",
      "repository": "ace007bk",
      "tag": "deployment-01JT3CW8BZ2Z782T1HY7VRFQNV",
      "digest": "sha256:e9f4b60fbd6fb938f44e22401c90e5383cdedbed7080aa7c979c6b08e93664d8",
      "labels": null
    },
    "created_at": "2025-04-30T12:41:04Z",
    "updated_at": "2025-04-30T14:49:48Z",
    "events": [
      {
        "id": "01JT3JSSH68WTZBQSSBS2HRCNG",
        "type": "exit",
        "status": "stopped",
        "request": {
          "exit_event": {
            "requested_stop": false,
            "restarting": false,
            "guest_exit_code": 0,
            "guest_signal": -1,
            "guest_error": "",
            "exit_code": 1,
            "signal": -1,
            "error": "",
            "oom_killed": false,
            "exited_at": "2025-04-30T14:49:47.070Z"
          },
          "restart_count": 10
        },
        "source": "flyd",
        "timestamp": 1746024588838
      },
      {
        "id": "01JT3JSMK0BPJ8A2TTSP62MS7N",
        "type": "start",
        "status": "started",
        "request": {
          "gpu_spot_price": 0
        },
        "source": "flyd",
        "timestamp": 1746024583776
      },
      {
        "id": "01JT3JSKM70PDA74YB2XYAJ5AX",
        "type": "start",
        "status": "starting",
        "source": "user",
        "timestamp": 1746024582791
      },
      {
        "id": "01JT3JRAKQ5XS1WV5CS6EG4YQY",
        "type": "exit",
        "status": "stopped",
        "request": {
          "exit_event": {
            "requested_stop": false,
            "restarting": false,
            "guest_exit_code": 0,
            "guest_signal": -1,
            "guest_error": "",
            "exit_code": 1,
            "signal": -1,
            "error": "",
            "oom_killed": false,
            "exited_at": "2025-04-30T14:48:58.901Z"
          },
          "restart_count": 10
        },
        "source": "flyd",
        "timestamp": 1746024540791
      },
      {
        "id": "01JT3JR6Z1J08FYX3G1MRBRVFR",
        "type": "start",
        "status": "started",
        "request": {
          "gpu_spot_price": 0
        },
        "source": "flyd",
        "timestamp": 1746024537057
      }
    ],
    "host_status": "ok"
  },
  {
    "id": "7815e7db09e5e8",
    "name": "lively-flower-2776",
    "state": "stopped",
    "region": "iad",
    "instance_id": "01JT3D39WAX9E6ZC0GNVECVC87",
    "private_ip": "fdaa:16:eea8:a7b:379:3822:1363:2",
    "config": {
      "env": {
        "FLY_PROCESS_GROUP": "app",
        "PRIMARY_REGION": "iad"
      },
      "init": {},
      "guest": {
        "cpu_kind": "shared",
        "cpus": 1,
        "memory_mb": 1024
      },
      "metadata": {
        "fly_flyctl_version": "0.3.110",
        "fly_platform_version": "v2",
        "fly_process_group": "app",
        "fly_release_id": "B4kyPlJaaLqkxHeYjoKaNvoxA",
        "fly_release_version": "2"
      },
      "services": [
        {
          "protocol": "tcp",
          "internal_port": 8080,
          "autostop": true,
          "autostart": true,
          "min_machines_running": 0,
          "ports": [
            {
              "port": 80,
              "handlers": [
                "http"
              ],
              "force_https": true
            },
            {
              "port": 443,
              "handlers": [
                "http",
                "tls"
              ]
            }
          ],
          "force_instance_key": null
        }
      ],
      "image": "registry.fly.io/ace007bk:deployment-01JT3CW8BZ2Z782T1HY7VRFQNV",
      "restart": {
        "policy": "on-failure",
        "max_retries": 10
      }
    },
    "incomplete_config": null,
    "image_ref": {
      "registry": "registry.fly.io",
      "repository": "ace007bk",
      "tag": "deployment-01JT3CW8BZ2Z782T1HY7VRFQNV",
      "digest": "sha256:e9f4b60fbd6fb938f44e22401c90e5383cdedbed7080aa7c979c6b08e93664d8",
      "labels": null
    },
    "created_at": "2025-04-30T12:41:55Z",
    "updated_at": "2025-04-30T14:49:23Z",
    "events": [
      {
        "id": "01JT3JS16ZXQTXBMV931ST3WCT",
        "type": "exit",
        "status": "stopped",
        "request": {
          "exit_event": {
            "requested_stop": false,
            "restarting": false,
            "guest_exit_code": 0,
            "guest_signal": -1,
            "guest_error": "",
            "exit_code": 1,
            "signal": -1,
            "error": "",
            "oom_killed": false,
            "exited_at": "2025-04-30T14:49:21.969Z"
          },
          "restart_count": 10
        },
        "source": "flyd",
        "timestamp": 1746024563935
      },
      {
        "id": "01JT3JRXFQ6ENHJBEZPQAN33FT",
        "type": "start",
        "status": "started",
        "request": {
          "gpu_spot_price": 0
        },
        "source": "flyd",
        "timestamp": 1746024560119
      },
      {
        "id": "01JT3JRWH413CZK2GRHANZ3D4E",
        "type": "start",
        "status": "starting",
        "source": "user",
        "timestamp": 1746024559140
      },
      {
        "id": "01JT3JM471MS5XETEBHVXV8YS2",
        "type": "exit",
        "status": "stopped",
        "request": {
          "exit_event": {
            "requested_stop": false,
            "restarting": false,
            "guest_exit_code": 0,
            "guest_signal": -1,
            "guest_error": "",
            "exit_code": 1,
            "signal": -1,
            "error": "",
            "oom_killed": false,
            "exited_at": "2025-04-30T14:46:41.112Z"
          },
          "restart_count": 10
        },
        "source": "flyd",
        "timestamp": 1746024403169
      },
      {
        "id": "01JT3JM0DTQV2DNMSEZR9DJT82",
        "type": "start",
        "status": "started",
        "request": {
          "gpu_spot_price": 0
        },
        "source": "flyd",
        "timestamp": 1746024399290
      }
    ],
    "host_status": "ok"
  }
]


DEBUG --> POST https://api.fly.io/graphql

DEBUG {
  "query": "\nmutation CreateRelease ($input: CreateReleaseInput!) {\n\tcreateRelease(input: $input) {\n\t\trelease {\n\t\t\tid\n\t\t\tversion\n\t\t}\n\t}\n}\n",
  "variables": {
    "input": {
      "appId": "ace007bk",
      "buildId": "4864243",
      "clientMutationId": "",
      "definition": {
        "app": "ace007bk",
        "primary_region": "iad",
        "http_service": {
          "internal_port": 8080,
          "force_https": true,
          "auto_stop_machines": true,
          "auto_start_machines": true,
          "min_machines_running": 0,
          "processes": [
            "app"
          ]
        },
        "vm": [
          {
            "memory": "1gb",
            "cpu_kind": "shared",
            "cpus": 1
          }
        ]
      },
      "image": "registry.fly.io/ace007bk:deployment-01JT3JPKMCWP3BMJPDWY6GD9FR",
      "platformVersion": "machines",
      "strategy": "ROLLING"
    }
  },
  "operationName": "CreateRelease"
}

DEBUG {0xc000d23c50}
DEBUG <-- 200 https://api.fly.io/graphql (8.67s)

DEBUG {
  "data": {
    "createRelease": {
      "release": {
        "id": "q1yZlz2KK40yVc72D3ZzJ58J6",
        "version": 3
      }
    }
  }
}

DEBUG --> POST https://api.fly.io/graphql

DEBUG {
  "query": "\nmutation UpdateRelease ($input: UpdateReleaseInput!) {\n\tupdateRelease(input: $input) {\n\t\trelease {\n\t\t\tid\n\t\t}\n\t}\n}\n",
  "variables": {
    "input": {
      "clientMutationId": "",
      "metadata": null,
      "releaseId": "q1yZlz2KK40yVc72D3ZzJ58J6",
      "status": "running"
    }
  },
  "operationName": "UpdateRelease"
}

DEBUG {0xc000d9c120}
DEBUG <-- 200 https://api.fly.io/graphql (121.86ms)

DEBUG {
  "data": {
    "updateRelease": {
      "release": {
        "id": "q1yZlz2KK40yVc72D3ZzJ58J6"
      }
    }
  }
}

DEBUG --> GET https://api.machines.dev/v1/apps/ace007bk/machines

DEBUG <-- 200 https://api.machines.dev/v1/apps/ace007bk/machines (442.97ms)

DEBUG [
  {
    "id": "287654da365138",
    "name": "autumn-voice-2237",
    "state": "stopped",
    "region": "iad",
    "instance_id": "01JT3D39WDV7CPQF8Q2RNA35CW",
    "private_ip": "fdaa:16:eea8:a7b:3b1:bdde:9fdb:2",
    "config": {
      "env": {
        "FLY_PROCESS_GROUP": "app",
        "PRIMARY_REGION": "iad"
      },
      "init": {},
      "guest": {
        "cpu_kind": "shared",
        "cpus": 1,
        "memory_mb": 1024
      },
      "metadata": {
        "fly_flyctl_version": "0.3.110",
        "fly_platform_version": "v2",
        "fly_process_group": "app",
        "fly_release_id": "B4kyPlJaaLqkxHeYjoKaNvoxA",
        "fly_release_version": "2"
      },
      "services": [
        {
          "protocol": "tcp",
          "internal_port": 8080,
          "autostop": true,
          "autostart": true,
          "min_machines_running": 0,
          "ports": [
            {
              "port": 80,
              "handlers": [
                "http"
              ],
              "force_https": true
            },
            {
              "port": 443,
              "handlers": [
                "http",
                "tls"
              ]
            }
          ],
          "force_instance_key": null
        }
      ],
      "image": "registry.fly.io/ace007bk:deployment-01JT3CW8BZ2Z782T1HY7VRFQNV",
      "restart": {
        "policy": "on-failure",
        "max_retries": 10
      }
    },
    "incomplete_config": null,
    "image_ref": {
      "registry": "registry.fly.io",
      "repository": "ace007bk",
      "tag": "deployment-01JT3CW8BZ2Z782T1HY7VRFQNV",
      "digest": "sha256:e9f4b60fbd6fb938f44e22401c90e5383cdedbed7080aa7c979c6b08e93664d8",
      "labels": null
    },
    "created_at": "2025-04-30T12:41:04Z",
    "updated_at": "2025-04-30T14:49:48Z",
    "events": [
      {
        "id": "01JT3JSSH68WTZBQSSBS2HRCNG",
        "type": "exit",
        "status": "stopped",
        "request": {
          "exit_event": {
            "requested_stop": false,
            "restarting": false,
            "guest_exit_code": 0,
            "guest_signal": -1,
            "guest_error": "",
            "exit_code": 1,
            "signal": -1,
            "error": "",
            "oom_killed": false,
            "exited_at": "2025-04-30T14:49:47.070Z"
          },
          "restart_count": 10
        },
        "source": "flyd",
        "timestamp": 1746024588838
      },
      {
        "id": "01JT3JSMK0BPJ8A2TTSP62MS7N",
        "type": "start",
        "status": "started",
        "request": {
          "gpu_spot_price": 0
        },
        "source": "flyd",
        "timestamp": 1746024583776
      },
      {
        "id": "01JT3JSKM70PDA74YB2XYAJ5AX",
        "type": "start",
        "status": "starting",
        "source": "user",
        "timestamp": 1746024582791
      },
      {
        "id": "01JT3JRAKQ5XS1WV5CS6EG4YQY",
        "type": "exit",
        "status": "stopped",
        "request": {
          "exit_event": {
            "requested_stop": false,
            "restarting": false,
            "guest_exit_code": 0,
            "guest_signal": -1,
            "guest_error": "",
            "exit_code": 1,
            "signal": -1,
            "error": "",
            "oom_killed": false,
            "exited_at": "2025-04-30T14:48:58.901Z"
          },
          "restart_count": 10
        },
        "source": "flyd",
        "timestamp": 1746024540791
      },
      {
        "id": "01JT3JR6Z1J08FYX3G1MRBRVFR",
        "type": "start",
        "status": "started",
        "request": {
          "gpu_spot_price": 0
        },
        "source": "flyd",
        "timestamp": 1746024537057
      }
    ],
    "host_status": "ok"
  },
  {
    "id": "7815e7db09e5e8",
    "name": "lively-flower-2776",
    "state": "stopped",
    "region": "iad",
    "instance_id": "01JT3D39WAX9E6ZC0GNVECVC87",
    "private_ip": "fdaa:16:eea8:a7b:379:3822:1363:2",
    "config": {
      "env": {
        "FLY_PROCESS_GROUP": "app",
        "PRIMARY_REGION": "iad"
      },
      "init": {},
      "guest": {
        "cpu_kind": "shared",
        "cpus": 1,
        "memory_mb": 1024
      },
      "metadata": {
        "fly_flyctl_version": "0.3.110",
        "fly_platform_version": "v2",
        "fly_process_group": "app",
        "fly_release_id": "B4kyPlJaaLqkxHeYjoKaNvoxA",
        "fly_release_version": "2"
      },
      "services": [
        {
          "protocol": "tcp",
          "internal_port": 8080,
          "autostop": true,
          "autostart": true,
          "min_machines_running": 0,
          "ports": [
            {
              "port": 80,
              "handlers": [
                "http"
              ],
              "force_https": true
            },
            {
              "port": 443,
              "handlers": [
                "http",
                "tls"
              ]
            }
          ],
          "force_instance_key": null
        }
      ],
      "image": "registry.fly.io/ace007bk:deployment-01JT3CW8BZ2Z782T1HY7VRFQNV",
      "restart": {
        "policy": "on-failure",
        "max_retries": 10
      }
    },
    "incomplete_config": null,
    "image_ref": {
      "registry": "registry.fly.io",
      "repository": "ace007bk",
      "tag": "deployment-01JT3CW8BZ2Z782T1HY7VRFQNV",
      "digest": "sha256:e9f4b60fbd6fb938f44e22401c90e5383cdedbed7080aa7c979c6b08e93664d8",
      "labels": null
    },
    "created_at": "2025-04-30T12:41:55Z",
    "updated_at": "2025-04-30T14:49:23Z",
    "events": [
      {
        "id": "01JT3JS16ZXQTXBMV931ST3WCT",
        "type": "exit",
        "status": "stopped",
        "request": {
          "exit_event": {
            "requested_stop": false,
            "restarting": false,
            "guest_exit_code": 0,
            "guest_signal": -1,
            "guest_error": "",
            "exit_code": 1,
            "signal": -1,
            "error": "",
            "oom_killed": false,
            "exited_at": "2025-04-30T14:49:21.969Z"
          },
          "restart_count": 10
        },
        "source": "flyd",
        "timestamp": 1746024563935
      },
      {
        "id": "01JT3JRXFQ6ENHJBEZPQAN33FT",
        "type": "start",
        "status": "started",
        "request": {
          "gpu_spot_price": 0
        },
        "source": "flyd",
        "timestamp": 1746024560119
      },
      {
        "id": "01JT3JRWH413CZK2GRHANZ3D4E",
        "type": "start",
        "status": "starting",
        "source": "user",
        "timestamp": 1746024559140
      },
      {
        "id": "01JT3JM471MS5XETEBHVXV8YS2",
        "type": "exit",
        "status": "stopped",
        "request": {
          "exit_event": {
            "requested_stop": false,
            "restarting": false,
            "guest_exit_code": 0,
            "guest_signal": -1,
            "guest_error": "",
            "exit_code": 1,
            "signal": -1,
            "error": "",
            "oom_killed": false,
            "exited_at": "2025-04-30T14:46:41.112Z"
          },
          "restart_count": 10
        },
        "source": "flyd",
        "timestamp": 1746024403169
      },
      {
        "id": "01JT3JM0DTQV2DNMSEZR9DJT82",
        "type": "start",
        "status": "started",
        "request": {
          "gpu_spot_price": 0
        },
        "source": "flyd",
        "timestamp": 1746024399290
      }
    ],
    "host_status": "ok"
  }
]


DEBUG --> POST https://api.machines.dev/v1/apps/ace007bk/machines/287654da365138/lease?ttl=13000000000

DEBUG <-- 201 https://api.machines.dev/v1/apps/ace007bk/machines/287654da365138/lease?ttl=13000000000 (45.88ms)

DEBUG {
  "status": "success",
  "data": {
    "nonce": "eb33eb04931c",
    "expires_at": -3700719374,
    "owner": "3b37d4e2-ee44-5536-bd3a-764a794a31a0@tokens.fly.io",
    "description": "",
    "version": "01JT3D39WDV7CPQF8Q2RNA35CW"
  }
}


DEBUG --> POST https://api.machines.dev/v1/apps/ace007bk/machines/7815e7db09e5e8/lease?ttl=13000000000

DEBUG <-- 201 https://api.machines.dev/v1/apps/ace007bk/machines/7815e7db09e5e8/lease?ttl=13000000000 (42.94ms)

DEBUG {
  "status": "success",
  "data": {
    "nonce": "119c78707bc1",
    "expires_at": -3700719374,
    "owner": "3b37d4e2-ee44-5536-bd3a-764a794a31a0@tokens.fly.io",
    "description": "",
    "version": "01JT3D39WAX9E6ZC0GNVECVC87"
  }
}


DEBUG --> POST https://api.machines.dev/v1/apps/ace007bk/machines/7815e7db09e5e8

DEBUG {
  "config": {
    "env": {
      "FLY_PROCESS_GROUP": "app",
      "PRIMARY_REGION": "iad"
    },
    "init": {},
    "guest": {
      "cpu_kind": "shared",
      "cpus": 1,
      "memory_mb": 1024
    },
    "metadata": {
      "fly_flyctl_version": "0.3.112",
      "fly_platform_version": "v2",
      "fly_process_group": "app",
      "fly_release_id": "q1yZlz2KK40yVc72D3ZzJ58J6",
      "fly_release_version": "3"
    },
    "services": [
      {
        "protocol": "tcp",
        "internal_port": 8080,
        "autostop": true,
        "autostart": true,
        "min_machines_running": 0,
        "ports": [
          {
            "port": 80,
            "handlers": [
              "http"
            ],
            "force_https": true
          },
          {
            "port": 443,
            "handlers": [
              "http",
              "tls"
            ]
          }
        ],
        "force_instance_key": null
      }
    ],
    "image": "registry.fly.io/ace007bk:deployment-01JT3JPKMCWP3BMJPDWY6GD9FR"
  },
  "region": "iad",
  "skip_launch": true
}

DEBUG {0xc0009801e0}
DEBUG --> POST https://api.machines.dev/v1/apps/ace007bk/machines/287654da365138

DEBUG {
  "config": {
    "env": {
      "FLY_PROCESS_GROUP": "app",
      "PRIMARY_REGION": "iad"
    },
    "init": {},
    "guest": {
      "cpu_kind": "shared",
      "cpus": 1,
      "memory_mb": 1024
    },
    "metadata": {
      "fly_flyctl_version": "0.3.112",
      "fly_platform_version": "v2",
      "fly_process_group": "app",
      "fly_release_id": "q1yZlz2KK40yVc72D3ZzJ58J6",
      "fly_release_version": "3"
    },
    "services": [
      {
        "protocol": "tcp",
        "internal_port": 8080,
        "autostop": true,
        "autostart": true,
        "min_machines_running": 0,
        "ports": [
          {
            "port": 80,
            "handlers": [
              "http"
            ],
            "force_https": true
          },
          {
            "port": 443,
            "handlers": [
              "http",
              "tls"
            ]
          }
        ],
        "force_instance_key": null
      }
    ],
    "image": "registry.fly.io/ace007bk:deployment-01JT3JPKMCWP3BMJPDWY6GD9FR"
  },
  "region": "iad",
  "skip_launch": true
}

DEBUG {0xc0008d1350}
DEBUG <-- 200 https://api.machines.dev/v1/apps/ace007bk/machines/7815e7db09e5e8 (2.59s)

DEBUG {
  "id": "7815e7db09e5e8",
  "name": "lively-flower-2776",
  "state": "created",
  "region": "iad",
  "instance_id": "01JT3JX84DXA5MVZV276VHH3SV",
  "private_ip": "fdaa:16:eea8:a7b:379:3822:1363:2",
  "config": {
    "env": {
      "FLY_PROCESS_GROUP": "app",
      "PRIMARY_REGION": "iad"
    },
    "init": {},
    "guest": {
      "cpu_kind": "shared",
      "cpus": 1,
      "memory_mb": 1024
    },
    "metadata": {
      "fly_flyctl_version": "0.3.112",
      "fly_platform_version": "v2",
      "fly_process_group": "app",
      "fly_release_id": "q1yZlz2KK40yVc72D3ZzJ58J6",
      "fly_release_version": "3"
    },
    "services": [
      {
        "protocol": "tcp",
        "internal_port": 8080,
        "autostop": true,
        "autostart": true,
        "min_machines_running": 0,
        "ports": [
          {
            "port": 80,
            "handlers": [
              "http"
            ],
            "force_https": true
          },
          {
            "port": 443,
            "handlers": [
              "http",
              "tls"
            ]
          }
        ],
        "force_instance_key": null
      }
    ],
    "image": "registry.fly.io/ace007bk:deployment-01JT3JPKMCWP3BMJPDWY6GD9FR",
    "restart": {
      "policy": "on-failure",
      "max_retries": 10
    }
  },
  "incomplete_config": null,
  "image_ref": {
    "registry": "registry.fly.io",
    "repository": "ace007bk",
    "tag": "deployment-01JT3JPKMCWP3BMJPDWY6GD9FR",
    "digest": "sha256:887c57efcb0c198da072eb9be9fda7dbb0ba00ae043058cfaa96497972712592",
    "labels": null
  },
  "created_at": "2025-04-30T12:41:55Z",
  "updated_at": "2025-04-30T14:51:42Z",
  "events": [
    {
      "id": "01JT3JX852BXFYADFS6Z7DXGGP",
      "type": "launch",
      "status": "created",
      "source": "user",
      "timestamp": 1746024702114
    }
  ],
  "host_status": "ok"
}


DEBUG <-- 200 https://api.machines.dev/v1/apps/ace007bk/machines/287654da365138 (2.59s)

DEBUG {
  "id": "287654da365138",
  "name": "autumn-voice-2237",
  "state": "created",
  "region": "iad",
  "instance_id": "01JT3JX84G6J46BGTJPQS44YKY",
  "private_ip": "fdaa:16:eea8:a7b:3b1:bdde:9fdb:2",
  "config": {
    "env": {
      "FLY_PROCESS_GROUP": "app",
      "PRIMARY_REGION": "iad"
    },
    "init": {},
    "guest": {
      "cpu_kind": "shared",
      "cpus": 1,
      "memory_mb": 1024
    },
    "metadata": {
      "fly_flyctl_version": "0.3.112",
      "fly_platform_version": "v2",
      "fly_process_group": "app",
      "fly_release_id": "q1yZlz2KK40yVc72D3ZzJ58J6",
      "fly_release_version": "3"
    },
    "services": [
      {
        "protocol": "tcp",
        "internal_port": 8080,
        "autostop": true,
        "autostart": true,
        "min_machines_running": 0,
        "ports": [
          {
            "port": 80,
            "handlers": [
              "http"
            ],
            "force_https": true
          },
          {
            "port": 443,
            "handlers": [
              "http",
              "tls"
            ]
          }
        ],
        "force_instance_key": null
      }
    ],
    "image": "registry.fly.io/ace007bk:deployment-01JT3JPKMCWP3BMJPDWY6GD9FR",
    "restart": {
      "policy": "on-failure",
      "max_retries": 10
    }
  },
  "incomplete_config": null,
  "image_ref": {
    "registry": "registry.fly.io",
    "repository": "ace007bk",
    "tag": "deployment-01JT3JPKMCWP3BMJPDWY6GD9FR",
    "digest": "sha256:887c57efcb0c198da072eb9be9fda7dbb0ba00ae043058cfaa96497972712592",
    "labels": null
  },
  "created_at": "2025-04-30T12:41:04Z",
  "updated_at": "2025-04-30T14:51:42Z",
  "events": [
    {
      "id": "01JT3JX854TBXJAHBAQAVYVW2Y",
      "type": "launch",
      "status": "created",
      "source": "user",
      "timestamp": 1746024702116
    }
  ],
  "host_status": "ok"
}


DEBUG --> DELETE https://api.machines.dev/v1/apps/ace007bk/machines/7815e7db09e5e8/lease

DEBUG --> DELETE https://api.machines.dev/v1/apps/ace007bk/machines/287654da365138/lease

DEBUG <-- 404 https://api.machines.dev/v1/apps/ace007bk/machines/287654da365138/lease (43.79ms)

DEBUG {
  "status": "error",
  "message": "lease not found"
}


DEBUG <-- 404 https://api.machines.dev/v1/apps/ace007bk/machines/7815e7db09e5e8/lease (47.74ms)

DEBUG {
  "status": "error",
  "message": "lease not found"
}


DEBUG --> DELETE https://api.machines.dev/v1/apps/ace007bk/machines/287654da365138/lease

DEBUG --> DELETE https://api.machines.dev/v1/apps/ace007bk/machines/7815e7db09e5e8/lease

DEBUG <-- 404 https://api.machines.dev/v1/apps/ace007bk/machines/7815e7db09e5e8/lease (55.15ms)

DEBUG {
  "status": "error",
  "message": "lease not found"
}


DEBUG <-- 404 https://api.machines.dev/v1/apps/ace007bk/machines/287654da365138/lease (63.18ms)

DEBUG {
  "status": "error",
  "message": "lease not found"
}


DEBUG --> POST https://api.machines.dev/v1/apps/ace007bk/machines/287654da365138/lease?ttl=13

DEBUG --> POST https://api.machines.dev/v1/apps/ace007bk/machines/7815e7db09e5e8/lease?ttl=13

DEBUG <-- 201 https://api.machines.dev/v1/apps/ace007bk/machines/287654da365138/lease?ttl=13 (78.5ms)

DEBUG {
  "status": "success",
  "data": {
    "nonce": "eb33eb04931c",
    "expires_at": 1746024716,
    "owner": "3b37d4e2-ee44-5536-bd3a-764a794a31a0@tokens.fly.io",
    "description": "",
    "version": "01JT3D39WDV7CPQF8Q2RNA35CW"
  }
}


DEBUG got lease on machine 287654da365138: &{success 0xc000c17b00  }

DEBUG <-- 201 https://api.machines.dev/v1/apps/ace007bk/machines/7815e7db09e5e8/lease?ttl=13 (52.88ms)

DEBUG {
  "status": "success",
  "data": {
    "nonce": "119c78707bc1",
    "expires_at": 1746024716,
    "owner": "3b37d4e2-ee44-5536-bd3a-764a794a31a0@tokens.fly.io",
    "description": "",
    "version": "01JT3D39WAX9E6ZC0GNVECVC87"
  }
}


DEBUG got lease on machine 7815e7db09e5e8: &{success 0xc002246a00  }

DEBUG --> DELETE https://api.machines.dev/v1/apps/ace007bk/machines/7815e7db09e5e8/lease

DEBUG --> DELETE https://api.machines.dev/v1/apps/ace007bk/machines/287654da365138/lease

DEBUG <-- 200 https://api.machines.dev/v1/apps/ace007bk/machines/7815e7db09e5e8/lease (55.56ms)

DEBUG {
  "status": "success",
  "data": {
    "ok": true
  }
}


DEBUG <-- 200 https://api.machines.dev/v1/apps/ace007bk/machines/287654da365138/lease (65.65ms)

DEBUG {
  "status": "success",
  "data": {
    "ok": true
  }
}


DEBUG --> POST https://api.fly.io/graphql

DEBUG {
  "query": "\nmutation UpdateRelease ($input: UpdateReleaseInput!) {\n\tupdateRelease(input: $input) {\n\t\trelease {\n\t\t\tid\n\t\t}\n\t}\n}\n",
  "variables": {
    "input": {
      "clientMutationId": "",
      "metadata": {
        "post_deployment_info": {
          "flyctl_version": "0.3.112",
          "error": ""
        }
      },
      "releaseId": "q1yZlz2KK40yVc72D3ZzJ58J6",
      "status": "complete"
    }
  },
  "operationName": "UpdateRelease"
}

DEBUG {0xc000d5f830}
DEBUG <-- 200 https://api.fly.io/graphql (571.05ms)

DEBUG {
  "data": {
    "updateRelease": {
      "release": {
        "id": "q1yZlz2KK40yVc72D3ZzJ58J6"
      }
    }
  }
}

DEBUG --> POST https://api.fly.io/graphql

DEBUG {
  "query": "query ($appName: String!) { app(name: $appName) { ipAddresses { nodes { id address type region createdAt network { name organization { slug } } serviceName } } sharedIpAddress } }",
  "variables": {
    "appName": "ace007bk"
  }
}


DEBUG {}
DEBUG <-- 200 https://api.fly.io/graphql (114ms)

DEBUG {
  "data": {
    "app": {
      "sharedIpAddress": null,
      "ipAddresses": {
        "nodes": [
          {
            "id": "ip_4jq72jwpwno9w3o8",
            "address": "137.66.7.163",
            "type": "v4",
            "region": "global",
            "createdAt": "2025-04-23T21:02:35Z",
            "network": null,
            "serviceName": null
          }
        ]
      }
    }
  }
}

DEBUG Task manager done
DEBUG done monitoring tokens
DEBUG started querying for statuspage incidents
DEBUG started querying for host issues
DEBUG --> POST https://api.fly.io/graphql

DEBUG {
  "query": "query($appName: String!) { apphostissues:app(name: $appName) { hostIssues { nodes { internalId message createdAt updatedAt } } } }",
  "variables": {
    "appName": "ace007bk"
  }
}


DEBUG {}
DEBUG <-- 200 https://api.fly.io/graphql (108.15ms)

DEBUG {
  "data": {
    "apphostissues": {
      "hostIssues": {
        "nodes": []
      }
    }
  }
}

DEBUG querying for host issues resulted to []
DEBUG querying for statuspage incidents resulted to &{[]}
